python : Creating 
test database for 
alias 'default' ('test
_2NI_TICKETS2')...
At line:1 char:1
+ python manage.py 
test core 
--verbosity=2 > 
test_output.txt 2>&1; 
Get- ...
+ ~~~~~~~~~~~~~~~~~~~~
~~~~~~~~~~~~~~~~~~~~~~
~~~~~~~~~~~~~~~~~~~~~
    + CategoryInfo    
          : NotSpeci  
  fied: (Creating t   
 est d...I_TICKETS    
2')...:String) []    
, RemoteException
    + FullyQualifiedE 
   rrorId : NativeCo  
  mmandError
 

Found 8 test(s).
Operations to perform:
  Synchronize unmigrated apps: messages, rest_framework, staticfiles
  Apply all migrations: admin, auth, contenttypes, core, sessions
Synchronizing apps without migrations:
  Creating tables...
    Running deferred SQL...
Running migrations:
  Applying contenttypes.0001_initial... OK
  Applying contenttypes.0002_remove_content_type_name... OK
  Applying auth.0001_initial... OK
  Applying auth.0002_alter_permission_name_max_length... OK
  Applying auth.0003_alter_user_email_max_length... OK
  Applying auth.0004_alter_user_username_opts... OK
  Applying auth.0005_alter_user_last_login_null... OK
  Applying auth.0006_require_contenttypes_0002... OK
  Applying auth.0007_alter_validators_add_error_messages... OK
  Applying auth.0008_alter_user_username_max_length... OK
  Applying auth.0009_alter_user_last_name_max_length... OK
  Applying auth.0010_alter_group_name_max_length... OK
  Applying auth.0011_update_proxy_permissions... OK
  Applying auth.0012_alter_user_first_name_max_length... OK
  Applying core.0001_initial... OK
  Applying admin.0001_initial... OK
  Applying admin.0002_logentry_remove_auto_add... OK
  Applying admin.0003_logentry_add_action_flag_choices... OK
  Applying core.0002_ticket_created_at_alter_ticket_qr_code... OK
  Applying core.0003_ticket_uuid_alter_ticket_id_alter_ticket_qr_code_and_more... OK
  Applying core.0004_invitation... OK
  Applying core.0005_event_provider_alter_event_date_alter_event_title_and_more... OK
  Applying core.0006_remove_ticket_user_remove_ticket_uuid_ticket_buyer_and_more... OK
test_admin_dashboard (
core.tests.APITests.te
st_admin_dashboard) 
... C:\Users\user\AppD
ata\Local\Programs\Pyt
hon\Python313\Lib\site
-packages\django\db\mo
dels\fields\__init__.p
y:1671: 
RuntimeWarning: 
DateTimeField 
Event.date received a 
naive datetime 
(2025-12-31 20:00:00) 
while time zone 
support is active.
  warnings.warn(
ok
test_buy_ticket_sold_o
ut (core.tests.APITest
s.test_buy_ticket_sold
_out) ... ok
test_buy_ticket_succes
s (core.tests.APITests
.test_buy_ticket_succe
ss) ... FAIL
test_create_event_as_p
rovider (core.tests.AP
ITests.test_create_eve
nt_as_provider) ... ok
test_create_invitation
 (core.tests.APITests.
test_create_invitation
) ... ok
test_get_users (core.t
ests.APITests.test_get
_users) ... ok
test_provider_dashboar
d (core.tests.APITests
.test_provider_dashboa
rd) ... ok
test_verify_ticket (co
re.tests.APITests.test
_verify_ticket) ... 
FAIL

======================
======================
======================
====
FAIL: test_buy_ticket_
success (core.tests.AP
ITests.test_buy_ticket
_success)
----------------------
----------------------
----------------------
----
Traceback (most 
recent call last):
  File "C:\Users\user\
Documents\TICKET_APP\t
ickets\core\tests.py",
 line 55, in test_buy_
ticket_success
    self.assertEqual(r
esponse.status_code, s
tatus.HTTP_201_CREATED
)
    ~~~~~~~~~~~~~~~~^^
^^^^^^^^^^^^^^^^^^^^^^
^^^^^^^^^^^^^^^^^^^^^^
^
AssertionError: 500 
!= 201

======================
======================
======================
====
FAIL: 
test_verify_ticket (co
re.tests.APITests.test
_verify_ticket)
----------------------
----------------------
----------------------
----
Traceback (most 
recent call last):
  File "C:\Users\user\
Documents\TICKET_APP\t
ickets\core\tests.py",
 line 80, in 
test_verify_ticket
    self.assertEqual(r
esponse.status_code, 
status.HTTP_200_OK)
    ~~~~~~~~~~~~~~~~^^
^^^^^^^^^^^^^^^^^^^^^^
^^^^^^^^^^^^^^^^^^
AssertionError: 405 
!= 200

----------------------
----------------------
----------------------
----
Ran 8 tests in 31.956s

FAILED (failures=2)
Destroying test 
database for alias 
'default' ('test_2NI_T
ICKETS2')...

  Applying sessions.0001_initial... OK
System check identified no issues (0 silenced).
